// Jest Snapshot v1, https://goo.gl/fbAQLP

exports[`asdasd 1`] = `
ShallowWrapper {
  Symbol(enzyme.__root__): [Circular],
  Symbol(enzyme.__unrendered__): <EditExpensePage
    editExpense={[Function]}
    expense={
        Object {
            "amount": 4500,
            "createdAt": 345600000,
            "description": "Credit Card",
            "id": "3",
            "note": "",
          }
    }
    history={
        Object {
            "push": [Function],
          }
    }
    removeExpense={[Function]}
/>,
  Symbol(enzyme.__renderer__): Object {
    "batchedUpdates": [Function],
    "checkPropTypes": [Function],
    "getNode": [Function],
    "render": [Function],
    "simulateError": [Function],
    "simulateEvent": [Function],
    "unmount": [Function],
  },
  Symbol(enzyme.__node__): Object {
    "instance": null,
    "key": undefined,
    "nodeType": "host",
    "props": Object {
      "children": Array [
        <ExpenseForm
          expense={
                    Object {
                              "amount": 4500,
                              "createdAt": 345600000,
                              "description": "Credit Card",
                              "id": "3",
                              "note": "",
                            }
          }
          onSubmit={[Function]}
/>,
        <button
          onClick={[Function]}
>
          Remove
</button>,
      ],
    },
    "ref": null,
    "rendered": Array [
      Object {
        "instance": null,
        "key": undefined,
        "nodeType": "class",
        "props": Object {
          "expense": Object {
            "amount": 4500,
            "createdAt": 345600000,
            "description": "Credit Card",
            "id": "3",
            "note": "",
          },
          "onSubmit": [Function],
        },
        "ref": null,
        "rendered": null,
        "type": [Function],
      },
      Object {
        "instance": null,
        "key": undefined,
        "nodeType": "host",
        "props": Object {
          "children": "Remove",
          "onClick": [Function],
        },
        "ref": null,
        "rendered": "Remove",
        "type": "button",
      },
    ],
    "type": "div",
  },
  Symbol(enzyme.__nodes__): Array [
    Object {
      "instance": null,
      "key": undefined,
      "nodeType": "host",
      "props": Object {
        "children": Array [
          <ExpenseForm
            expense={
                        Object {
                                    "amount": 4500,
                                    "createdAt": 345600000,
                                    "description": "Credit Card",
                                    "id": "3",
                                    "note": "",
                                  }
            }
            onSubmit={[Function]}
/>,
          <button
            onClick={[Function]}
>
            Remove
</button>,
        ],
      },
      "ref": null,
      "rendered": Array [
        Object {
          "instance": null,
          "key": undefined,
          "nodeType": "class",
          "props": Object {
            "expense": Object {
              "amount": 4500,
              "createdAt": 345600000,
              "description": "Credit Card",
              "id": "3",
              "note": "",
            },
            "onSubmit": [Function],
          },
          "ref": null,
          "rendered": null,
          "type": [Function],
        },
        Object {
          "instance": null,
          "key": undefined,
          "nodeType": "host",
          "props": Object {
            "children": "Remove",
            "onClick": [Function],
          },
          "ref": null,
          "rendered": "Remove",
          "type": "button",
        },
      ],
      "type": "div",
    },
  ],
  Symbol(enzyme.__options__): Object {
    "adapter": ReactSixteenAdapter {
      "options": Object {
        "enableComponentDidUpdateOnSetState": true,
        "legacyContextMode": "parent",
        "lifecycles": Object {
          "componentDidUpdate": Object {
            "onSetState": true,
          },
          "getChildContext": Object {
            "calledByRenderer": false,
          },
          "getDerivedStateFromError": true,
          "getDerivedStateFromProps": Object {
            "hasShouldComponentUpdateBug": false,
          },
          "getSnapshotBeforeUpdate": true,
          "setState": Object {
            "skipsComponentDidUpdateOnNullish": true,
          },
        },
      },
    },
    Symbol(enzyme.__providerValues__): undefined,
  },
  Symbol(enzyme.__providerValues__): Map {},
  Symbol(enzyme.__childContext__): null,
}
`;
