// Jest Snapshot v1, https://goo.gl/fbAQLP

exports[`asdasd 1`] = `
ShallowWrapper {
  Symbol(enzyme.__root__): [Circular],
  Symbol(enzyme.__unrendered__): <ExpenseList
    expenses={Array []}
/>,
  Symbol(enzyme.__renderer__): Object {
    "batchedUpdates": [Function],
    "checkPropTypes": [Function],
    "getNode": [Function],
    "render": [Function],
    "simulateError": [Function],
    "simulateEvent": [Function],
    "unmount": [Function],
  },
  Symbol(enzyme.__node__): Object {
    "instance": null,
    "key": undefined,
    "nodeType": "host",
    "props": Object {
      "children": Array [
        <div
          className="list-header"
>
          <div
                    className="show-for-mobile"
          >
                    Expenses
          </div>
          <div
                    className="show-for-desktop"
          >
                    Expense
          </div>
          <div
                    className="show-for-desktop"
          >
                    Amount
          </div>
</div>,
        <div
          className="list-body"
>
          <div
                    className="list-item list-item--message"
          >
                    <span>
                              No expenses
                    </span>
          </div>
</div>,
      ],
      "className": "content-container",
    },
    "ref": null,
    "rendered": Array [
      Object {
        "instance": null,
        "key": undefined,
        "nodeType": "host",
        "props": Object {
          "children": Array [
            <div
              className="show-for-mobile"
>
              Expenses
</div>,
            <div
              className="show-for-desktop"
>
              Expense
</div>,
            <div
              className="show-for-desktop"
>
              Amount
</div>,
          ],
          "className": "list-header",
        },
        "ref": null,
        "rendered": Array [
          Object {
            "instance": null,
            "key": undefined,
            "nodeType": "host",
            "props": Object {
              "children": "Expenses",
              "className": "show-for-mobile",
            },
            "ref": null,
            "rendered": "Expenses",
            "type": "div",
          },
          Object {
            "instance": null,
            "key": undefined,
            "nodeType": "host",
            "props": Object {
              "children": "Expense",
              "className": "show-for-desktop",
            },
            "ref": null,
            "rendered": "Expense",
            "type": "div",
          },
          Object {
            "instance": null,
            "key": undefined,
            "nodeType": "host",
            "props": Object {
              "children": "Amount",
              "className": "show-for-desktop",
            },
            "ref": null,
            "rendered": "Amount",
            "type": "div",
          },
        ],
        "type": "div",
      },
      Object {
        "instance": null,
        "key": undefined,
        "nodeType": "host",
        "props": Object {
          "children": <div
            className="list-item list-item--message"
>
            <span>
                        No expenses
            </span>
</div>,
          "className": "list-body",
        },
        "ref": null,
        "rendered": Object {
          "instance": null,
          "key": undefined,
          "nodeType": "host",
          "props": Object {
            "children": <span>
              No expenses
</span>,
            "className": "list-item list-item--message",
          },
          "ref": null,
          "rendered": Object {
            "instance": null,
            "key": undefined,
            "nodeType": "host",
            "props": Object {
              "children": "No expenses",
            },
            "ref": null,
            "rendered": "No expenses",
            "type": "span",
          },
          "type": "div",
        },
        "type": "div",
      },
    ],
    "type": "div",
  },
  Symbol(enzyme.__nodes__): Array [
    Object {
      "instance": null,
      "key": undefined,
      "nodeType": "host",
      "props": Object {
        "children": Array [
          <div
            className="list-header"
>
            <div
                        className="show-for-mobile"
            >
                        Expenses
            </div>
            <div
                        className="show-for-desktop"
            >
                        Expense
            </div>
            <div
                        className="show-for-desktop"
            >
                        Amount
            </div>
</div>,
          <div
            className="list-body"
>
            <div
                        className="list-item list-item--message"
            >
                        <span>
                                    No expenses
                        </span>
            </div>
</div>,
        ],
        "className": "content-container",
      },
      "ref": null,
      "rendered": Array [
        Object {
          "instance": null,
          "key": undefined,
          "nodeType": "host",
          "props": Object {
            "children": Array [
              <div
                className="show-for-mobile"
>
                Expenses
</div>,
              <div
                className="show-for-desktop"
>
                Expense
</div>,
              <div
                className="show-for-desktop"
>
                Amount
</div>,
            ],
            "className": "list-header",
          },
          "ref": null,
          "rendered": Array [
            Object {
              "instance": null,
              "key": undefined,
              "nodeType": "host",
              "props": Object {
                "children": "Expenses",
                "className": "show-for-mobile",
              },
              "ref": null,
              "rendered": "Expenses",
              "type": "div",
            },
            Object {
              "instance": null,
              "key": undefined,
              "nodeType": "host",
              "props": Object {
                "children": "Expense",
                "className": "show-for-desktop",
              },
              "ref": null,
              "rendered": "Expense",
              "type": "div",
            },
            Object {
              "instance": null,
              "key": undefined,
              "nodeType": "host",
              "props": Object {
                "children": "Amount",
                "className": "show-for-desktop",
              },
              "ref": null,
              "rendered": "Amount",
              "type": "div",
            },
          ],
          "type": "div",
        },
        Object {
          "instance": null,
          "key": undefined,
          "nodeType": "host",
          "props": Object {
            "children": <div
              className="list-item list-item--message"
>
              <span>
                            No expenses
              </span>
</div>,
            "className": "list-body",
          },
          "ref": null,
          "rendered": Object {
            "instance": null,
            "key": undefined,
            "nodeType": "host",
            "props": Object {
              "children": <span>
                No expenses
</span>,
              "className": "list-item list-item--message",
            },
            "ref": null,
            "rendered": Object {
              "instance": null,
              "key": undefined,
              "nodeType": "host",
              "props": Object {
                "children": "No expenses",
              },
              "ref": null,
              "rendered": "No expenses",
              "type": "span",
            },
            "type": "div",
          },
          "type": "div",
        },
      ],
      "type": "div",
    },
  ],
  Symbol(enzyme.__options__): Object {
    "adapter": ReactSixteenAdapter {
      "options": Object {
        "enableComponentDidUpdateOnSetState": true,
        "legacyContextMode": "parent",
        "lifecycles": Object {
          "componentDidUpdate": Object {
            "onSetState": true,
          },
          "getChildContext": Object {
            "calledByRenderer": false,
          },
          "getDerivedStateFromError": true,
          "getDerivedStateFromProps": Object {
            "hasShouldComponentUpdateBug": false,
          },
          "getSnapshotBeforeUpdate": true,
          "setState": Object {
            "skipsComponentDidUpdateOnNullish": true,
          },
        },
      },
    },
    Symbol(enzyme.__providerValues__): undefined,
  },
  Symbol(enzyme.__providerValues__): Map {},
}
`;

exports[`sada 1`] = `
ShallowWrapper {
  Symbol(enzyme.__root__): [Circular],
  Symbol(enzyme.__unrendered__): <ExpenseList
    expenses={
        Array [
            Object {
              "amount": 195,
              "createdAt": 0,
              "description": "gum",
              "id": "1",
              "note": "",
            },
            Object {
              "amount": 109500,
              "createdAt": -345600000,
              "description": "Rent",
              "id": "2",
              "note": "",
            },
            Object {
              "amount": 4500,
              "createdAt": 345600000,
              "description": "Credit Card",
              "id": "3",
              "note": "",
            },
          ]
    }
/>,
  Symbol(enzyme.__renderer__): Object {
    "batchedUpdates": [Function],
    "checkPropTypes": [Function],
    "getNode": [Function],
    "render": [Function],
    "simulateError": [Function],
    "simulateEvent": [Function],
    "unmount": [Function],
  },
  Symbol(enzyme.__node__): Object {
    "instance": null,
    "key": undefined,
    "nodeType": "host",
    "props": Object {
      "children": Array [
        <div
          className="list-header"
>
          <div
                    className="show-for-mobile"
          >
                    Expenses
          </div>
          <div
                    className="show-for-desktop"
          >
                    Expense
          </div>
          <div
                    className="show-for-desktop"
          >
                    Amount
          </div>
</div>,
        <div
          className="list-body"
>
          <ExpenseListItem
                    amount={195}
                    createdAt={0}
                    description="gum"
                    id="1"
                    note=""
          />
          <ExpenseListItem
                    amount={109500}
                    createdAt={-345600000}
                    description="Rent"
                    id="2"
                    note=""
          />
          <ExpenseListItem
                    amount={4500}
                    createdAt={345600000}
                    description="Credit Card"
                    id="3"
                    note=""
          />
</div>,
      ],
      "className": "content-container",
    },
    "ref": null,
    "rendered": Array [
      Object {
        "instance": null,
        "key": undefined,
        "nodeType": "host",
        "props": Object {
          "children": Array [
            <div
              className="show-for-mobile"
>
              Expenses
</div>,
            <div
              className="show-for-desktop"
>
              Expense
</div>,
            <div
              className="show-for-desktop"
>
              Amount
</div>,
          ],
          "className": "list-header",
        },
        "ref": null,
        "rendered": Array [
          Object {
            "instance": null,
            "key": undefined,
            "nodeType": "host",
            "props": Object {
              "children": "Expenses",
              "className": "show-for-mobile",
            },
            "ref": null,
            "rendered": "Expenses",
            "type": "div",
          },
          Object {
            "instance": null,
            "key": undefined,
            "nodeType": "host",
            "props": Object {
              "children": "Expense",
              "className": "show-for-desktop",
            },
            "ref": null,
            "rendered": "Expense",
            "type": "div",
          },
          Object {
            "instance": null,
            "key": undefined,
            "nodeType": "host",
            "props": Object {
              "children": "Amount",
              "className": "show-for-desktop",
            },
            "ref": null,
            "rendered": "Amount",
            "type": "div",
          },
        ],
        "type": "div",
      },
      Object {
        "instance": null,
        "key": undefined,
        "nodeType": "host",
        "props": Object {
          "children": Array [
            <ExpenseListItem
              amount={195}
              createdAt={0}
              description="gum"
              id="1"
              note=""
/>,
            <ExpenseListItem
              amount={109500}
              createdAt={-345600000}
              description="Rent"
              id="2"
              note=""
/>,
            <ExpenseListItem
              amount={4500}
              createdAt={345600000}
              description="Credit Card"
              id="3"
              note=""
/>,
          ],
          "className": "list-body",
        },
        "ref": null,
        "rendered": Array [
          Object {
            "instance": null,
            "key": "1",
            "nodeType": "function",
            "props": Object {
              "amount": 195,
              "createdAt": 0,
              "description": "gum",
              "id": "1",
              "note": "",
            },
            "ref": null,
            "rendered": null,
            "type": [Function],
          },
          Object {
            "instance": null,
            "key": "2",
            "nodeType": "function",
            "props": Object {
              "amount": 109500,
              "createdAt": -345600000,
              "description": "Rent",
              "id": "2",
              "note": "",
            },
            "ref": null,
            "rendered": null,
            "type": [Function],
          },
          Object {
            "instance": null,
            "key": "3",
            "nodeType": "function",
            "props": Object {
              "amount": 4500,
              "createdAt": 345600000,
              "description": "Credit Card",
              "id": "3",
              "note": "",
            },
            "ref": null,
            "rendered": null,
            "type": [Function],
          },
        ],
        "type": "div",
      },
    ],
    "type": "div",
  },
  Symbol(enzyme.__nodes__): Array [
    Object {
      "instance": null,
      "key": undefined,
      "nodeType": "host",
      "props": Object {
        "children": Array [
          <div
            className="list-header"
>
            <div
                        className="show-for-mobile"
            >
                        Expenses
            </div>
            <div
                        className="show-for-desktop"
            >
                        Expense
            </div>
            <div
                        className="show-for-desktop"
            >
                        Amount
            </div>
</div>,
          <div
            className="list-body"
>
            <ExpenseListItem
                        amount={195}
                        createdAt={0}
                        description="gum"
                        id="1"
                        note=""
            />
            <ExpenseListItem
                        amount={109500}
                        createdAt={-345600000}
                        description="Rent"
                        id="2"
                        note=""
            />
            <ExpenseListItem
                        amount={4500}
                        createdAt={345600000}
                        description="Credit Card"
                        id="3"
                        note=""
            />
</div>,
        ],
        "className": "content-container",
      },
      "ref": null,
      "rendered": Array [
        Object {
          "instance": null,
          "key": undefined,
          "nodeType": "host",
          "props": Object {
            "children": Array [
              <div
                className="show-for-mobile"
>
                Expenses
</div>,
              <div
                className="show-for-desktop"
>
                Expense
</div>,
              <div
                className="show-for-desktop"
>
                Amount
</div>,
            ],
            "className": "list-header",
          },
          "ref": null,
          "rendered": Array [
            Object {
              "instance": null,
              "key": undefined,
              "nodeType": "host",
              "props": Object {
                "children": "Expenses",
                "className": "show-for-mobile",
              },
              "ref": null,
              "rendered": "Expenses",
              "type": "div",
            },
            Object {
              "instance": null,
              "key": undefined,
              "nodeType": "host",
              "props": Object {
                "children": "Expense",
                "className": "show-for-desktop",
              },
              "ref": null,
              "rendered": "Expense",
              "type": "div",
            },
            Object {
              "instance": null,
              "key": undefined,
              "nodeType": "host",
              "props": Object {
                "children": "Amount",
                "className": "show-for-desktop",
              },
              "ref": null,
              "rendered": "Amount",
              "type": "div",
            },
          ],
          "type": "div",
        },
        Object {
          "instance": null,
          "key": undefined,
          "nodeType": "host",
          "props": Object {
            "children": Array [
              <ExpenseListItem
                amount={195}
                createdAt={0}
                description="gum"
                id="1"
                note=""
/>,
              <ExpenseListItem
                amount={109500}
                createdAt={-345600000}
                description="Rent"
                id="2"
                note=""
/>,
              <ExpenseListItem
                amount={4500}
                createdAt={345600000}
                description="Credit Card"
                id="3"
                note=""
/>,
            ],
            "className": "list-body",
          },
          "ref": null,
          "rendered": Array [
            Object {
              "instance": null,
              "key": "1",
              "nodeType": "function",
              "props": Object {
                "amount": 195,
                "createdAt": 0,
                "description": "gum",
                "id": "1",
                "note": "",
              },
              "ref": null,
              "rendered": null,
              "type": [Function],
            },
            Object {
              "instance": null,
              "key": "2",
              "nodeType": "function",
              "props": Object {
                "amount": 109500,
                "createdAt": -345600000,
                "description": "Rent",
                "id": "2",
                "note": "",
              },
              "ref": null,
              "rendered": null,
              "type": [Function],
            },
            Object {
              "instance": null,
              "key": "3",
              "nodeType": "function",
              "props": Object {
                "amount": 4500,
                "createdAt": 345600000,
                "description": "Credit Card",
                "id": "3",
                "note": "",
              },
              "ref": null,
              "rendered": null,
              "type": [Function],
            },
          ],
          "type": "div",
        },
      ],
      "type": "div",
    },
  ],
  Symbol(enzyme.__options__): Object {
    "adapter": ReactSixteenAdapter {
      "options": Object {
        "enableComponentDidUpdateOnSetState": true,
        "legacyContextMode": "parent",
        "lifecycles": Object {
          "componentDidUpdate": Object {
            "onSetState": true,
          },
          "getChildContext": Object {
            "calledByRenderer": false,
          },
          "getDerivedStateFromError": true,
          "getDerivedStateFromProps": Object {
            "hasShouldComponentUpdateBug": false,
          },
          "getSnapshotBeforeUpdate": true,
          "setState": Object {
            "skipsComponentDidUpdateOnNullish": true,
          },
        },
      },
    },
    Symbol(enzyme.__providerValues__): undefined,
  },
  Symbol(enzyme.__providerValues__): Map {},
}
`;
